[crookedrook.netlify.app/index.html]
[crookedrook.netlify.app/Squareset.js]
[crookedrook.netlify.app/Constants.js]
[crookedrook.netlify.app/bnb_ep_init.js]
[crookedrook.netlify.app/start_game.js]
[crookedrook.netlify.app/render.js]
[crookedrook.netlify.app/make_move.js]
[crookedrook.netlify.app/refresh_moves.js]
[crookedrook.netlify.app/style_data.js]
[crookedrook.netlify.app/init.js]
[crookedrook.netlify.app/random.js]
[crookedrook.netlify.app/boards/CCIT/Cannon.js]
[crookedrook.netlify.app/boards/CCIT/No Step On Snek.js]
[crookedrook.netlify.app/boards/CCIT/Kitchen.js]
[crookedrook.netlify.app/boards/CCIT/LeapyMakruk.js]
[crookedrook.netlify.app/boards/CCIT/Honey Rush.js]
[crookedrook.netlify.app/boards/CCIT/Segiztas Peak.js]
[crookedrook.netlify.app/boards/Chess/Chess.js]
[crookedrook.netlify.app/boards/Chess/Chess5040.js]
[crookedrook.netlify.app/boards/Historical/Chaturanga.js]
[crookedrook.netlify.app/boards/Historical/Courier Chess.js]
[crookedrook.netlify.app/boards/Historical/Courier Chess Start.js]
[crookedrook.netlify.app/boards/Historical/Grant Acedrex.js]
[crookedrook.netlify.app/boards/Other/Xiangqi.js]
[crookedrook.netlify.app/boards/Shogi/Shogi.js]
[crookedrook.netlify.app/boards/Shogi/Heian Shogi.js]
[crookedrook.netlify.app/boards/Shogi/Sho Shogi.js]
[crookedrook.netlify.app/boards/Shogi/Micro Shogi.js]
[crookedrook.netlify.app/boards/Compound Chess/Bird's Chess.js]
[crookedrook.netlify.app/boards/Compound Chess/Carrera's Chess.js]
[crookedrook.netlify.app/boards/Compound Chess/Capablanca Chess.js]
[crookedrook.netlify.app/boards/Compound Chess/Gothic Chess.js]
[crookedrook.netlify.app/boards/Compound Chess/Embassy Chess.js]
[backblue.gif]
[fade.gif]
[index.html]
[crookedrook.netlify.app/boards/Compound Chess/Compound Shuffle Chess.js]
[crookedrook.netlify.app/icon.png]
[www.gstatic.com/firebasejs/8.10.1/firebase-app.js]
[www.gstatic.com/firebasejs/8.10.1/firebase-auth.js]
[www.gstatic.com/firebasejs/8.10.1/firebase-database.js]
[crookedrook.netlify.app/index.html]
[crookedrook.netlify.app/firebase-code.js]
